I'm sorry, but errors were detected in your script. Please correct the
errors listed below, and try again.


File "game/screens.rpy", line 297: keyword argument 'xysize' is incompatible with 'xsize'.
    xysize 100
          ^

Ren'Py Version: Ren'Py 8.2.3.24061702
Tue Jun 25 21:35:21 2024
